src/components/Leaderboard.tsx(19,5): error TS6133: 'Icon' is declared but its value is never read.
src/components/Leaderboard.tsx(21,25): error TS6133: 'Star' is declared but its value is never read.
src/components/ResumeModal.tsx(15,5): error TS6133: 'Spinner' is declared but its value is never read.
src/components/ResumeModal.tsx(101,30): error TS2552: Cannot find name 'HStack'. Did you mean 'VStack'?
src/components/ResumeModal.tsx(113,31): error TS2552: Cannot find name 'HStack'. Did you mean 'VStack'?
