src/components/Leaderboard.tsx(19,5): error TS6133: 'Icon' is declared but its value is never read.
src/components/Leaderboard.tsx(21,25): error TS6133: 'Star' is declared but its value is never read.
